dataset/UK house prices/inner-london.csv
"Name","URI","Region GSS code","Period","Sales volume","Reporting period","Average price All property types","Average price Detached houses","Average price Semi-detached houses","Average price Terraced houses","Average price Flats and maisonettes","Pivotable date"
Inner London,http://landregistry.data.gov.uk/id/region/inner-london,E13000001,2004-01,4937,monthly,238239,529248,358044,264791,226258,2004-01-01
Inner London,http://landregistry.data.gov.uk/id/region/inner-london,E13000001,2004-02,4523,monthly,239296,533668,359749,266329,227132,2004-02-01
Inner London,http://landregistry.data.gov.uk/id/region/inner-london,E13000001,2004-03,5569,monthly,241306,541469,363054,269978,228461,2004-03-01
Inner London,http://landregistry.data.gov.uk/id/region/inner-london,E13000001,2004-04,5944,monthly,243660,540665,365489,273368,230506,2004-04-01
Inner London,http://landregistry.data.gov.uk/id/region/inner-london,E13000001,2004-05,5242,monthly,246541,540239,368404,276186,233455,2004-05-01
Inner London,http://landregistry.data.gov.uk/id/region/inner-london,E13000001,2004-06,6263,monthly,249365,543022,372135,278710,236377,2004-06-01
Inner London,http://landregistry.data.gov.uk/id/region/inner-london,E13000001,2004-07,7012,monthly,253340,553190,378568,283598,239971,2004-07-01
Inner London,http://landregistry.data.gov.uk/id/region/inner-london,E13000001,2004-08,5988,monthly,256614,563724,384680,288258,242679,2004-08-01
Inner London,http://landregistry.data.gov.uk/id/region/inner-london,E13000001,2004-09,5373,monthly,258547,572156,390084,291925,243891,2004-09-01
Inner London,http://landregistry.data.gov.uk/id/region/inner-london,E13000001,2004-10,4655,monthly,256051,565793,385302,288902,241648,2004-10-01
Inner London,http://landregistry.data.gov.uk/id/region/inner-london,E13000001,2004-11,4031,monthly,255566,562194,382550,287433,241589,2004-11-01
Inner London,http://landregistry.data.gov.uk/id/region/inner-london,E13000001,2004-12,4149,monthly,252858,549129,375523,283862,239351,2004-12-01
Inner London,http://landregistry.data.gov.uk/id/region/inner-london,E13000001,2005-01,3219,monthly,253536,548845,375535,284790,239983,2005-01-01
Inner London,http://landregistry.data.gov.uk/id/region/inner-london,E13000001,2005-02,3143,monthly,253301,549329,376658,285874,239253,2005-02-01
Inner London,http://landregistry.data.gov.uk/id/region/inner-london,E13000001,2005-03,3717,monthly,254701,554057,379579,287637,240474,2005-03-01
Inner London,http://landregistry.data.gov.uk/id/region/inner-london,E13000001,2005-04,4188,monthly,257293,556291,383462,290687,242896,2005-04-01
Inner London,http://landregistry.data.gov.uk/id/region/inner-london,E13000001,2005-05,4302,monthly,257978,555804,383771,290918,243757,2005-05-01
Inner London,http://landregistry.data.gov.uk/id/region/inner-london,E13000001,2005-06,4870,monthly,259661,558704,386454,293884,244995,2005-06-01
Inner London,http://landregistry.data.gov.uk/id/region/inner-london,E13000001,2005-07,5431,monthly,260764,565409,389988,296219,245589,2005-07-01
Inner London,http://landregistry.data.gov.uk/id/region/inner-london,E13000001,2005-08,5302,monthly,263219,573199,393674,299438,247750,2005-08-01
Inner London,http://landregistry.data.gov.uk/id/region/inner-london,E13000001,2005-09,5459,monthly,263543,578002,395346,300107,247893,2005-09-01
Inner London,http://landregistry.data.gov.uk/id/region/inner-london,E13000001,2005-10,4836,monthly,261045,569950,390214,297123,245653,2005-10-01
Inner London,http://landregistry.data.gov.uk/id/region/inner-london,E13000001,2005-11,4811,monthly,259643,563540,387019,296244,244159,2005-11-01
Inner London,http://landregistry.data.gov.uk/id/region/inner-london,E13000001,2005-12,5219,monthly,261627,560133,385375,296951,246748,2005-12-01
Inner London,http://landregistry.data.gov.uk/id/region/inner-london,E13000001,2006-01,4459,monthly,264926,568727,390752,301182,249676,2006-01-01
Inner London,http://landregistry.data.gov.uk/id/region/inner-london,E13000001,2006-02,4352,monthly,265721,570078,391639,301056,250760,2006-02-01
Inner London,http://landregistry.data.gov.uk/id/region/inner-london,E13000001,2006-03,5587,monthly,267544,580597,397542,304425,251891,2006-03-01
Inner London,http://landregistry.data.gov.uk/id/region/inner-london,E13000001,2006-04,5014,monthly,270595,585001,400608,307313,255014,2006-04-01
Inner London,http://landregistry.data.gov.uk/id/region/inner-london,E13000001,2006-05,5366,monthly,275878,599743,409598,313965,259725,2006-05-01
Inner London,http://landregistry.data.gov.uk/id/region/inner-london,E13000001,2006-06,6414,monthly,280741,608913,416519,319755,264241,2006-06-01
Inner London,http://landregistry.data.gov.uk/id/region/inner-london,E13000001,2006-07,6596,monthly,284717,621718,425605,325766,267380,2006-07-01
Inner London,http://landregistry.data.gov.uk/id/region/inner-london,E13000001,2006-08,6549,monthly,288587,629379,431531,331076,270737,2006-08-01
Inner London,http://landregistry.data.gov.uk/id/region/inner-london,E13000001,2006-09,6312,monthly,290734,637053,435972,333788,272610,2006-09-01
Inner London,http://landregistry.data.gov.uk/id/region/inner-london,E13000001,2006-10,5810,monthly,293114,640676,437204,335403,275286,2006-10-01
Inner London,http://landregistry.data.gov.uk/id/region/inner-london,E13000001,2006-11,5890,monthly,293277,641486,437676,335439,275475,2006-11-01
Inner London,http://landregistry.data.gov.uk/id/region/inner-london,E13000001,2006-12,5868,monthly,296269,650262,442364,338110,278499,2006-12-01
Inner London,http://landregistry.data.gov.uk/id/region/inner-london,E13000001,2007-01,5211,monthly,300576,658855,448813,343089,282532,2007-01-01
Inner London,http://landregistry.data.gov.uk/id/region/inner-london,E13000001,2007-02,4711,monthly,306776,671716,457459,348826,288768,2007-02-01
Inner London,http://landregistry.data.gov.uk/id/region/inner-london,E13000001,2007-03,5695,monthly,312079,680044,464854,355308,293656,2007-03-01
Inner London,http://landregistry.data.gov.uk/id/region/inner-london,E13000001,2007-04,4938,monthly,317362,693302,474258,362499,298238,2007-04-01
Inner London,http://landregistry.data.gov.uk/id/region/inner-london,E13000001,2007-05,5304,monthly,323398,702878,482367,369897,303815,2007-05-01
Inner London,http://landregistry.data.gov.uk/id/region/inner-london,E13000001,2007-06,6160,monthly,329352,714145,489914,376173,309613,2007-06-01
Inner London,http://landregistry.data.gov.uk/id/region/inner-london,E13000001,2007-07,6403,monthly,336860,731400,500392,383664,316994,2007-07-01
Inner London,http://landregistry.data.gov.uk/id/region/inner-london,E13000001,2007-08,6398,monthly,344875,752734,513202,393845,324189,2007-08-01
Inner London,http://landregistry.data.gov.uk/id/region/inner-london,E13000001,2007-09,5319,monthly,351132,771029,524191,401283,329909,2007-09-01
Inner London,http://landregistry.data.gov.uk/id/region/inner-london,E13000001,2007-10,5043,monthly,352419,772351,523944,401966,331422,2007-10-01
Inner London,http://landregistry.data.gov.uk/id/region/inner-london,E13000001,2007-11,4950,monthly,349987,771787,521988,398308,329305,2007-11-01
Inner London,http://landregistry.data.gov.uk/id/region/inner-london,E13000001,2007-12,3823,monthly,347492,759418,514369,393743,327615,2007-12-01
Inner London,http://landregistry.data.gov.uk/id/region/inner-london,E13000001,2008-01,3339,monthly,345989,759234,512331,392258,326116,2008-01-01
Inner London,http://landregistry.data.gov.uk/id/region/inner-london,E13000001,2008-02,3326,monthly,346036,757924,510568,391303,326479,2008-02-01
Inner London,http://landregistry.data.gov.uk/id/region/inner-london,E13000001,2008-03,3197,monthly,344576,759246,511089,390952,324612,2008-03-01
Inner London,http://landregistry.data.gov.uk/id/region/inner-london,E13000001,2008-04,3134,monthly,343547,758825,510229,389193,323761,2008-04-01
Inner London,http://landregistry.data.gov.uk/id/region/inner-london,E13000001,2008-05,3238,monthly,343643,758965,510961,390504,323536,2008-05-01
Inner London,http://landregistry.data.gov.uk/id/region/inner-london,E13000001,2008-06,2967,monthly,342310,755393,509419,390705,321851,2008-06-01
Inner London,http://landregistry.data.gov.uk/id/region/inner-london,E13000001,2008-07,2610,monthly,343200,758000,510801,391142,322828,2008-07-01
Inner London,http://landregistry.data.gov.uk/id/region/inner-london,E13000001,2008-08,2383,monthly,337539,747563,503096,383486,317771,2008-08-01
Inner London,http://landregistry.data.gov.uk/id/region/inner-london,E13000001,2008-09,1994,monthly,334087,744432,497236,377183,315108,2008-09-01
Inner London,http://landregistry.data.gov.uk/id/region/inner-london,E13000001,2008-10,1959,monthly,323442,717878,479195,363180,305646,2008-10-01
Inner London,http://landregistry.data.gov.uk/id/region/inner-london,E13000001,2008-11,1581,monthly,314977,697370,465575,354053,297592,2008-11-01
Inner London,http://landregistry.data.gov.uk/id/region/inner-london,E13000001,2008-12,1642,monthly,303759,669904,448652,340951,287138,2008-12-01
Inner London,http://landregistry.data.gov.uk/id/region/inner-london,E13000001,2009-01,1270,monthly,297825,661392,441723,334794,281326,2009-01-01
Inner London,http://landregistry.data.gov.uk/id/region/inner-london,E13000001,2009-02,1290,monthly,294734,654495,437967,330623,278486,2009-02-01
Inner London,http://landregistry.data.gov.uk/id/region/inner-london,E13000001,2009-03,1687,monthly,294522,652290,436447,329632,278512,2009-03-01
Inner London,http://landregistry.data.gov.uk/id/region/inner-london,E13000001,2009-04,1691,monthly,291934,636695,432786,328521,275565,2009-04-01
Inner London,http://landregistry.data.gov.uk/id/region/inner-london,E13000001,2009-05,1993,monthly,292880,635145,431763,329411,276624,2009-05-01
Inner London,http://landregistry.data.gov.uk/id/region/inner-london,E13000001,2009-06,2496,monthly,296092,644120,438742,336084,278637,2009-06-01
Inner London,http://landregistry.data.gov.uk/id/region/inner-london,E13000001,2009-07,3302,monthly,303349,667357,451966,346611,284649,2009-07-01
Inner London,http://landregistry.data.gov.uk/id/region/inner-london,E13000001,2009-08,3172,monthly,307409,684129,462241,354385,287316,2009-08-01
Inner London,http://landregistry.data.gov.uk/id/region/inner-london,E13000001,2009-09,3335,monthly,314011,698288,472793,361037,293751,2009-09-01
Inner London,http://landregistry.data.gov.uk/id/region/inner-london,E13000001,2009-10,3371,monthly,317738,707013,479006,364917,297333,2009-10-01
Inner London,http://landregistry.data.gov.uk/id/region/inner-london,E13000001,2009-11,3297,monthly,320248,706410,479366,367765,299852,2009-11-01
Inner London,http://landregistry.data.gov.uk/id/region/inner-london,E13000001,2009-12,3815,monthly,318631,700559,476714,367224,297968,2009-12-01
Inner London,http://landregistry.data.gov.uk/id/region/inner-london,E13000001,2010-01,2750,monthly,324531,712553,485973,375409,303070,2010-01-01
Inner London,http://landregistry.data.gov.uk/id/region/inner-london,E13000001,2010-02,2624,monthly,331100,734270,500724,383977,308698,2010-02-01
Inner London,http://landregistry.data.gov.uk/id/region/inner-london,E13000001,2010-03,3091,monthly,336741,751773,510457,390184,313973,2010-03-01
Inner London,http://landregistry.data.gov.uk/id/region/inner-london,E13000001,2010-04,3018,monthly,337575,753857,511639,390685,314885,2010-04-01
Inner London,http://landregistry.data.gov.uk/id/region/inner-london,E13000001,2010-05,2990,monthly,338198,755660,511780,391973,315332,2010-05-01
Inner London,http://landregistry.data.gov.uk/id/region/inner-london,E13000001,2010-06,3666,monthly,341405,765472,518881,397338,317755,2010-06-01
Inner London,http://landregistry.data.gov.uk/id/region/inner-london,E13000001,2010-07,4121,monthly,345792,788782,529200,404739,320986,2010-07-01
Inner London,http://landregistry.data.gov.uk/id/region/inner-london,E13000001,2010-08,3637,monthly,349397,798050,537107,408908,324256,2010-08-01
Inner London,http://landregistry.data.gov.uk/id/region/inner-london,E13000001,2010-09,3488,monthly,349993,803042,538099,410424,324555,2010-09-01
Inner London,http://landregistry.data.gov.uk/id/region/inner-london,E13000001,2010-10,3265,monthly,345968,785554,528943,403464,321605,2010-10-01
Inner London,http://landregistry.data.gov.uk/id/region/inner-london,E13000001,2010-11,3286,monthly,341157,776775,520235,396543,317541,2010-11-01
Inner London,http://landregistry.data.gov.uk/id/region/inner-london,E13000001,2010-12,3129,monthly,340006,774225,518570,393610,316919,2010-12-01
Inner London,http://landregistry.data.gov.uk/id/region/inner-london,E13000001,2011-01,2716,monthly,341638,787609,524627,396865,317874,2011-01-01
Inner London,http://landregistry.data.gov.uk/id/region/inner-london,E13000001,2011-02,2429,monthly,344710,800728,531340,400328,320687,2011-02-01
Inner London,http://landregistry.data.gov.uk/id/region/inner-london,E13000001,2011-03,2909,monthly,347737,815837,533853,402696,323918,2011-03-01
Inner London,http://landregistry.data.gov.uk/id/region/inner-london,E13000001,2011-04,3021,monthly,354441,824729,539332,408323,331030,2011-04-01
Inner London,http://landregistry.data.gov.uk/id/region/inner-london,E13000001,2011-05,2731,monthly,353002,810107,533077,406778,329884,2011-05-01
Inner London,http://landregistry.data.gov.uk/id/region/inner-london,E13000001,2011-06,3401,monthly,352698,799196,533788,407603,329262,2011-06-01
Inner London,http://landregistry.data.gov.uk/id/region/inner-london,E13000001,2011-07,3663,monthly,352137,795644,534464,407572,328507,2011-07-01
Inner London,http://landregistry.data.gov.uk/id/region/inner-london,E13000001,2011-08,3870,monthly,360017,825580,554043,419390,334688,2011-08-01
Inner London,http://landregistry.data.gov.uk/id/region/inner-london,E13000001,2011-09,3749,monthly,363437,840200,560828,424591,337404,2011-09-01
Inner London,http://landregistry.data.gov.uk/id/region/inner-london,E13000001,2011-10,3190,monthly,360135,838118,558664,421508,333959,2011-10-01
Inner London,http://landregistry.data.gov.uk/id/region/inner-london,E13000001,2011-11,3253,monthly,357548,824292,547695,415362,332803,2011-11-01
Inner London,http://landregistry.data.gov.uk/id/region/inner-london,E13000001,2011-12,3249,monthly,355727,815442,544735,411867,331552,2011-12-01
Inner London,http://landregistry.data.gov.uk/id/region/inner-london,E13000001,2012-01,2785,monthly,358560,822490,550063,415984,333904,2012-01-01
Inner London,http://landregistry.data.gov.uk/id/region/inner-london,E13000001,2012-02,2781,monthly,358014,829625,554394,418213,332315,2012-02-01
Inner London,http://landregistry.data.gov.uk/id/region/inner-london,E13000001,2012-03,3688,monthly,358499,833203,556226,420220,332260,2012-03-01
Inner London,http://landregistry.data.gov.uk/id/region/inner-london,E13000001,2012-04,2635,monthly,360811,834183,555829,421660,334899,2012-04-01
Inner London,http://landregistry.data.gov.uk/id/region/inner-london,E13000001,2012-05,3207,monthly,368180,845934,566008,429634,341973,2012-05-01
Inner London,http://landregistry.data.gov.uk/id/region/inner-london,E13000001,2012-06,3474,monthly,376259,861291,576377,439448,349454,2012-06-01
Inner London,http://landregistry.data.gov.uk/id/region/inner-london,E13000001,2012-07,3910,monthly,380455,878448,587181,447190,352406,2012-07-01
Inner London,http://landregistry.data.gov.uk/id/region/inner-london,E13000001,2012-08,3812,monthly,383888,889136,593338,452799,355123,2012-08-01
Inner London,http://landregistry.data.gov.uk/id/region/inner-london,E13000001,2012-09,3513,monthly,384885,895848,596637,454823,355738,2012-09-01
Inner London,http://landregistry.data.gov.uk/id/region/inner-london,E13000001,2012-10,3351,monthly,385802,891399,594730,454360,357140,2012-10-01
Inner London,http://landregistry.data.gov.uk/id/region/inner-london,E13000001,2012-11,3461,monthly,384930,884938,590037,451610,356925,2012-11-01
Inner London,http://landregistry.data.gov.uk/id/region/inner-london,E13000001,2012-12,3126,monthly,388966,896029,596373,455948,360760,2012-12-01
Inner London,http://landregistry.data.gov.uk/id/region/inner-london,E13000001,2013-01,3070,monthly,390038,901920,599926,458331,361373,2013-01-01
Inner London,http://landregistry.data.gov.uk/id/region/inner-london,E13000001,2013-02,2762,monthly,395422,921886,612316,465071,366073,2013-02-01
Inner London,http://landregistry.data.gov.uk/id/region/inner-london,E13000001,2013-03,3148,monthly,393128,917434,608879,462122,363990,2013-03-01
Inner London,http://landregistry.data.gov.uk/id/region/inner-london,E13000001,2013-04,3198,monthly,399722,930637,617167,467689,370710,2013-04-01
Inner London,http://landregistry.data.gov.uk/id/region/inner-london,E13000001,2013-05,3903,monthly,402136,931247,618584,469701,373243,2013-05-01
Inner London,http://landregistry.data.gov.uk/id/region/inner-london,E13000001,2013-06,3968,monthly,409238,941909,628631,477258,380075,2013-06-01
Inner London,http://landregistry.data.gov.uk/id/region/inner-london,E13000001,2013-07,4787,monthly,414525,954461,637791,485024,384550,2013-07-01
Inner London,http://landregistry.data.gov.uk/id/region/inner-london,E13000001,2013-08,4678,monthly,421121,975123,650959,495040,389982,2013-08-01
Inner London,http://landregistry.data.gov.uk/id/region/inner-london,E13000001,2013-09,4439,monthly,431676,1009070,669753,508586,399352,2013-09-01
Inner London,http://landregistry.data.gov.uk/id/region/inner-london,E13000001,2013-10,4287,monthly,435061,1017442,675732,510323,403030,2013-10-01
Inner London,http://landregistry.data.gov.uk/id/region/inner-london,E13000001,2013-11,4709,monthly,439723,1018892,677861,512794,408294,2013-11-01
Inner London,http://landregistry.data.gov.uk/id/region/inner-london,E13000001,2013-12,4606,monthly,445132,1016700,682187,515746,414355,2013-12-01
Inner London,http://landregistry.data.gov.uk/id/region/inner-london,E13000001,2014-01,4157,monthly,452766,1038746,694557,525492,421190,2014-01-01
