dataset/UK house prices/inner-london.csv
"Name","URI","Region GSS code","Period","Sales volume","Reporting period","Average price All property types","Average price Detached houses","Average price Semi-detached houses","Average price Terraced houses","Average price Flats and maisonettes","Pivotable date"
Inner London,http://landregistry.data.gov.uk/id/region/inner-london,E13000001,2014-02,3766,monthly,460081,1059431,705072,532161,428340,2014-02-01
Inner London,http://landregistry.data.gov.uk/id/region/inner-london,E13000001,2014-03,3925,monthly,462876,1071131,708789,535191,430869,2014-03-01
Inner London,http://landregistry.data.gov.uk/id/region/inner-london,E13000001,2014-04,4150,monthly,470731,1086551,719952,545217,438013,2014-04-01
Inner London,http://landregistry.data.gov.uk/id/region/inner-london,E13000001,2014-05,4190,monthly,482728,1115575,742258,561351,448605,2014-05-01
Inner London,http://landregistry.data.gov.uk/id/region/inner-london,E13000001,2014-06,4325,monthly,493876,1140833,759416,576390,458526,2014-06-01
Inner London,http://landregistry.data.gov.uk/id/region/inner-london,E13000001,2014-07,4568,monthly,503943,1165003,776042,589965,467463,2014-07-01
Inner London,http://landregistry.data.gov.uk/id/region/inner-london,E13000001,2014-08,4461,monthly,511626,1187410,789985,601786,473932,2014-08-01
Inner London,http://landregistry.data.gov.uk/id/region/inner-london,E13000001,2014-09,4045,monthly,518513,1208926,804267,611407,479887,2014-09-01
Inner London,http://landregistry.data.gov.uk/id/region/inner-london,E13000001,2014-10,4115,monthly,518899,1207841,802871,609858,480715,2014-10-01
Inner London,http://landregistry.data.gov.uk/id/region/inner-london,E13000001,2014-11,3409,monthly,514369,1195530,794451,603003,476876,2014-11-01
Inner London,http://landregistry.data.gov.uk/id/region/inner-london,E13000001,2014-12,3790,monthly,512011,1184839,787972,598313,475180,2014-12-01
Inner London,http://landregistry.data.gov.uk/id/region/inner-london,E13000001,2015-01,3099,monthly,512581,1185929,789913,598570,475772,2015-01-01
Inner London,http://landregistry.data.gov.uk/id/region/inner-london,E13000001,2015-02,2908,monthly,514883,1191088,792917,600257,478130,2015-02-01
Inner London,http://landregistry.data.gov.uk/id/region/inner-london,E13000001,2015-03,3473,monthly,514288,1188436,792121,599566,477606,2015-03-01
Inner London,http://landregistry.data.gov.uk/id/region/inner-london,E13000001,2015-04,3362,monthly,516626,1194014,794393,604171,479362,2015-04-01
Inner London,http://landregistry.data.gov.uk/id/region/inner-london,E13000001,2015-05,3580,monthly,522777,1201232,803075,610774,485262,2015-05-01
Inner London,http://landregistry.data.gov.uk/id/region/inner-london,E13000001,2015-06,4346,monthly,529292,1222960,818137,621464,490416,2015-06-01
Inner London,http://landregistry.data.gov.uk/id/region/inner-london,E13000001,2015-07,4549,monthly,538073,1245260,836457,632137,498337,2015-07-01
Inner London,http://landregistry.data.gov.uk/id/region/inner-london,E13000001,2015-08,4150,monthly,543936,1268904,852354,643580,502470,2015-08-01
Inner London,http://landregistry.data.gov.uk/id/region/inner-london,E13000001,2015-09,4023,monthly,552796,1296632,867071,653817,510661,2015-09-01
Inner London,http://landregistry.data.gov.uk/id/region/inner-london,E13000001,2015-10,4100,monthly,551523,1298104,865708,654145,509017,2015-10-01
Inner London,http://landregistry.data.gov.uk/id/region/inner-london,E13000001,2015-11,3519,monthly,553908,1299573,864035,655676,511677,2015-11-01
Inner London,http://landregistry.data.gov.uk/id/region/inner-london,E13000001,2015-12,3605,monthly,553855,1298193,865798,656529,511372,2015-12-01
Inner London,http://landregistry.data.gov.uk/id/region/inner-london,E13000001,2016-01,3006,monthly,563206,1318157,882454,666422,520244,2016-01-01
Inner London,http://landregistry.data.gov.uk/id/region/inner-london,E13000001,2016-02,3091,monthly,565405,1335103,894767,670519,521652,2016-02-01
Inner London,http://landregistry.data.gov.uk/id/region/inner-london,E13000001,2016-03,7045,monthly,573538,1355898,907035,679202,529391,2016-03-01
Inner London,http://landregistry.data.gov.uk/id/region/inner-london,E13000001,2016-04,2285,monthly,570187,1350257,902456,676985,525859,2016-04-01
Inner London,http://landregistry.data.gov.uk/id/region/inner-london,E13000001,2016-05,2492,monthly,571469,1337494,898616,678162,527336,2016-05-01
Inner London,http://landregistry.data.gov.uk/id/region/inner-london,E13000001,2016-06,3400,monthly,566684,1321553,890629,674479,522484,2016-06-01
Inner London,http://landregistry.data.gov.uk/id/region/inner-london,E13000001,2016-07,3529,monthly,571652,1332538,901562,681643,526700,2016-07-01
Inner London,http://landregistry.data.gov.uk/id/region/inner-london,E13000001,2016-08,3073,monthly,571709,1340728,905346,682230,526504,2016-08-01
Inner London,http://landregistry.data.gov.uk/id/region/inner-london,E13000001,2016-09,2980,monthly,575680,1349112,913246,686453,530247,2016-09-01
Inner London,http://landregistry.data.gov.uk/id/region/inner-london,E13000001,2016-10,3132,monthly,574414,1344861,907012,680187,530306,2016-10-01
Inner London,http://landregistry.data.gov.uk/id/region/inner-london,E13000001,2016-11,3118,monthly,577948,1349764,904279,679412,534967,2016-11-01
Inner London,http://landregistry.data.gov.uk/id/region/inner-london,E13000001,2016-12,3439,monthly,577117,1346439,897001,674942,535181,2016-12-01
Inner London,http://landregistry.data.gov.uk/id/region/inner-london,E13000001,2017-01,2836,monthly,579471,1350726,897741,678193,537324,2017-01-01
Inner London,http://landregistry.data.gov.uk/id/region/inner-london,E13000001,2017-02,2787,monthly,582285,1347727,896440,679694,540466,2017-02-01
Inner London,http://landregistry.data.gov.uk/id/region/inner-london,E13000001,2017-03,3332,monthly,582411,1355638,900954,681079,540149,2017-03-01
Inner London,http://landregistry.data.gov.uk/id/region/inner-london,E13000001,2017-04,2960,monthly,584782,1358216,898260,680420,543278,2017-04-01
Inner London,http://landregistry.data.gov.uk/id/region/inner-london,E13000001,2017-05,3261,monthly,584443,1359237,901742,679769,542917,2017-05-01
Inner London,http://landregistry.data.gov.uk/id/region/inner-london,E13000001,2017-06,3826,monthly,586942,1358354,903064,680942,545709,2017-06-01
Inner London,http://landregistry.data.gov.uk/id/region/inner-london,E13000001,2017-07,3398,monthly,589999,1365001,914055,686636,547921,2017-07-01
Inner London,http://landregistry.data.gov.uk/id/region/inner-london,E13000001,2017-08,3413,monthly,592845,1381085,924059,695308,549200,2017-08-01
Inner London,http://landregistry.data.gov.uk/id/region/inner-london,E13000001,2017-09,3190,monthly,593486,1388241,928042,697697,549338,2017-09-01
Inner London,http://landregistry.data.gov.uk/id/region/inner-london,E13000001,2017-10,2978,monthly,588513,1378726,919532,691775,544761,2017-10-01
Inner London,http://landregistry.data.gov.uk/id/region/inner-london,E13000001,2017-11,2780,monthly,581921,1352410,906109,681129,539417,2017-11-01
Inner London,http://landregistry.data.gov.uk/id/region/inner-london,E13000001,2017-12,3153,monthly,578215,1340439,896512,674683,536553,2017-12-01
Inner London,http://landregistry.data.gov.uk/id/region/inner-london,E13000001,2018-01,2646,monthly,578599,1337573,897397,673385,537308,2018-01-01
Inner London,http://landregistry.data.gov.uk/id/region/inner-london,E13000001,2018-02,2605,monthly,580096,1356384,902871,674646,538706,2018-02-01
Inner London,http://landregistry.data.gov.uk/id/region/inner-london,E13000001,2018-03,2848,monthly,577904,1342993,901679,674351,536258,2018-03-01
Inner London,http://landregistry.data.gov.uk/id/region/inner-london,E13000001,2018-04,2542,monthly,577545,1350499,907395,678484,534910,2018-04-01
Inner London,http://landregistry.data.gov.uk/id/region/inner-london,E13000001,2018-05,2831,monthly,577204,1346830,911985,682979,533584,2018-05-01
Inner London,http://landregistry.data.gov.uk/id/region/inner-london,E13000001,2018-06,3264,monthly,579055,1362453,921786,687546,534668,2018-06-01
Inner London,http://landregistry.data.gov.uk/id/region/inner-london,E13000001,2018-07,3148,monthly,579120,1370594,922542,690395,534182,2018-07-01
Inner London,http://landregistry.data.gov.uk/id/region/inner-london,E13000001,2018-08,3412,monthly,578411,1369274,919412,690142,533462,2018-08-01
Inner London,http://landregistry.data.gov.uk/id/region/inner-london,E13000001,2018-09,2934,monthly,576272,1364385,915990,688436,531336,2018-09-01
Inner London,http://landregistry.data.gov.uk/id/region/inner-london,E13000001,2018-10,3012,monthly,574335,1353907,914361,684352,529860,2018-10-01
Inner London,http://landregistry.data.gov.uk/id/region/inner-london,E13000001,2018-11,3090,monthly,573282,1360397,916185,683415,528724,2018-11-01
Inner London,http://landregistry.data.gov.uk/id/region/inner-london,E13000001,2018-12,2816,monthly,572244,1365444,913122,679902,528189,2018-12-01
Inner London,http://landregistry.data.gov.uk/id/region/inner-london,E13000001,2019-01,2258,monthly,566764,1358119,905486,673901,522995,2019-01-01
Inner London,http://landregistry.data.gov.uk/id/region/inner-london,E13000001,2019-02,2197,monthly,560574,1342586,894130,666056,517416,2019-02-01
Inner London,http://landregistry.data.gov.uk/id/region/inner-london,E13000001,2019-03,2587,monthly,559929,1333709,894392,668279,516248,2019-03-01
Inner London,http://landregistry.data.gov.uk/id/region/inner-london,E13000001,2019-04,2217,monthly,563060,1338262,896946,672907,519019,2019-04-01
Inner London,http://landregistry.data.gov.uk/id/region/inner-london,E13000001,2019-05,2657,monthly,565501,1344459,904522,679289,520444,2019-05-01
Inner London,http://landregistry.data.gov.uk/id/region/inner-london,E13000001,2019-06,2672,monthly,565273,1349934,906689,678676,520219,2019-06-01
Inner London,http://landregistry.data.gov.uk/id/region/inner-london,E13000001,2019-07,3464,monthly,569492,1358234,916584,684816,523803,2019-07-01
Inner London,http://landregistry.data.gov.uk/id/region/inner-london,E13000001,2019-08,3382,monthly,571513,1369262,924852,690824,524775,2019-08-01
Inner London,http://landregistry.data.gov.uk/id/region/inner-london,E13000001,2019-09,2962,monthly,576361,1384502,932039,698566,528835,2019-09-01
Inner London,http://landregistry.data.gov.uk/id/region/inner-london,E13000001,2019-10,2968,monthly,571840,1384296,931633,694944,524087,2019-10-01
Inner London,http://landregistry.data.gov.uk/id/region/inner-london,E13000001,2019-11,2953,monthly,571212,1383821,930750,691334,524090,2019-11-01
Inner London,http://landregistry.data.gov.uk/id/region/inner-london,E13000001,2019-12,2837,monthly,573692,1383080,934985,694536,526342,2019-12-01
Inner London,http://landregistry.data.gov.uk/id/region/inner-london,E13000001,2020-01,2527,monthly,578737,1382399,935387,698794,531600,2020-01-01
Inner London,http://landregistry.data.gov.uk/id/region/inner-london,E13000001,2020-02,2399,monthly,582532,1389205,939783,705366,534648,2020-02-01
Inner London,http://landregistry.data.gov.uk/id/region/inner-london,E13000001,2020-03,2743,monthly,583473,1402653,945310,706510,535330,2020-03-01
Inner London,http://landregistry.data.gov.uk/id/region/inner-london,E13000001,2020-04,1365,monthly,581268,1422263,946310,706916,532386,2020-04-01
Inner London,http://landregistry.data.gov.uk/id/region/inner-london,E13000001,2020-05,1210,monthly,579964,1414932,947908,703856,531431,2020-05-01
Inner London,http://landregistry.data.gov.uk/id/region/inner-london,E13000001,2020-06,1649,monthly,578333,1398590,947645,706321,528949,2020-06-01
Inner London,http://landregistry.data.gov.uk/id/region/inner-london,E13000001,2020-07,2388,monthly,582013,1383757,952850,711782,532231,2020-07-01
Inner London,http://landregistry.data.gov.uk/id/region/inner-london,E13000001,2020-08,2385,monthly,589985,1414697,971057,726330,538289,2020-08-01
Inner London,http://landregistry.data.gov.uk/id/region/inner-london,E13000001,2020-09,2874,monthly,595698,1443846,988984,736148,542603,2020-09-01
Inner London,http://landregistry.data.gov.uk/id/region/inner-london,E13000001,2020-10,3034,monthly,594123,1452175,996216,740559,539482,2020-10-01
Inner London,http://landregistry.data.gov.uk/id/region/inner-london,E13000001,2020-11,2868,monthly,592960,1447012,994945,741935,537817,2020-11-01
Inner London,http://landregistry.data.gov.uk/id/region/inner-london,E13000001,2020-12,3526,monthly,589356,1438377,988507,739779,534059,2020-12-01
Inner London,http://landregistry.data.gov.uk/id/region/inner-london,E13000001,2021-01,2649,monthly,594322,1455185,997591,744996,538733,2021-01-01
Inner London,http://landregistry.data.gov.uk/id/region/inner-london,E13000001,2021-02,2915,monthly,589316,1448411,988915,738990,534106,2021-02-01
Inner London,http://landregistry.data.gov.uk/id/region/inner-london,E13000001,2021-03,5101,monthly,591280,1457357,993492,741528,535806,2021-03-01
Inner London,http://landregistry.data.gov.uk/id/region/inner-london,E13000001,2021-04,2684,monthly,586151,1451243,984163,734828,531208,2021-04-01
Inner London,http://landregistry.data.gov.uk/id/region/inner-london,E13000001,2021-05,2171,monthly,583848,1451438,983154,731641,529089,2021-05-01
Inner London,http://landregistry.data.gov.uk/id/region/inner-london,E13000001,2021-06,7823,monthly,583670,1450510,982758,735937,527931,2021-06-01
Inner London,http://landregistry.data.gov.uk/id/region/inner-london,E13000001,2021-07,489,monthly,598888,1483275,995940,742930,544889,2021-07-01
Inner London,http://landregistry.data.gov.uk/id/region/inner-london,E13000001,2021-08,916,monthly,619279,1544659,1032071,767909,563405,2021-08-01
Inner London,http://landregistry.data.gov.uk/id/region/inner-london,E13000001,2021-09,1424,monthly,617794,1553687,1037646,763110,562450,2021-09-01
Inner London,http://landregistry.data.gov.uk/id/region/inner-london,E13000001,2021-10,,monthly,612968,1578836,1054084,769674,554348,2021-10-01
Inner London,http://landregistry.data.gov.uk/id/region/inner-london,E13000001,2021-11,,monthly,610900,1571044,1045443,764764,553142,2021-11-01
